This is pdfTeX, Version 3.14159265-2.6-1.40.15 (TeX Live 2014) (preloaded format=pdflatex 2015.11.16)  15 DEC 2015 21:00
entering extended mode
 restricted \write18 enabled.
 %&-line parsing enabled.
**test.tex
(./test.tex
LaTeX2e <2011/06/27>
Babel <3.9k> and hyphenation patterns for 2 languages loaded.
(/usr/share/texlive/texmf-dist/tex/latex/standalone/standalone.cls
Document Class: standalone 2012/09/15 v1.1b Class to compile TeX sub-files stan
dalone
(/usr/share/texlive/texmf-dist/tex/generic/oberdiek/ifluatex.sty
Package: ifluatex 2010/03/01 v1.3 Provides the ifluatex switch (HO)
Package ifluatex Info: LuaTeX not detected.
)
(/usr/share/texlive/texmf-dist/tex/generic/oberdiek/ifpdf.sty
Package: ifpdf 2011/01/30 v2.3 Provides the ifpdf switch (HO)
Package ifpdf Info: pdfTeX in PDF mode is detected.
)
(/usr/share/texlive/texmf-dist/tex/generic/ifxetex/ifxetex.sty
Package: ifxetex 2010/09/12 v0.6 Provides ifxetex conditional
)
(/usr/share/texlive/texmf-dist/tex/latex/xkeyval/xkeyval.sty
Package: xkeyval 2012/10/14 v2.6b package option processing (HA)

(/usr/share/texlive/texmf-dist/tex/generic/xkeyval/xkeyval.tex
\XKV@toks=\toks14
\XKV@tempa@toks=\toks15
\XKV@depth=\count79
File: xkeyval.tex 2012/10/14 v2.6b key=value parser (HA)

(/usr/share/texlive/texmf-dist/tex/generic/xkeyval/keyval.tex)))
\sa@internal=\count80

(/usr/share/texlive/texmf-dist/tex/latex/standalone/standalone.cfg
File: standalone.cfg 2012/09/15 v1.1b Default configuration file for 'standalon
e' class
)
(/usr/share/texlive/texmf-dist/tex/latex/base/article.cls
Document Class: article 2007/10/19 v1.4h Standard LaTeX document class
(/usr/share/texlive/texmf-dist/tex/latex/base/size10.clo
File: size10.clo 2007/10/19 v1.4h Standard LaTeX file (size option)
)
\c@part=\count81
\c@section=\count82
\c@subsection=\count83
\c@subsubsection=\count84
\c@paragraph=\count85
\c@subparagraph=\count86
\c@figure=\count87
\c@table=\count88
\abovecaptionskip=\skip41
\belowcaptionskip=\skip42
\bibindent=\dimen102
)
\sa@box=\box26
)
(/usr/share/texlive/texmf-dist/tex/latex/tkz-graph/tkz-graph.sty
Package: tkz-graph 2011/06/01 ctan v 1.00 base for graphs

(/usr/share/texlive/texmf-dist/tex/latex/etex-pkg/etex.sty
Package: etex 1998/03/26 v2.0 eTeX basic definition package (PEB)
\et@xins=\count89
)
(/usr/share/texlive/texmf-dist/tex/latex/base/ifthen.sty
Package: ifthen 2001/05/26 v1.1c Standard LaTeX ifthen package (DPC)
)
(/usr/share/texlive/texmf-dist/tex/latex/pgf/frontendlayer/tikz.sty
(/usr/share/texlive/texmf-dist/tex/latex/pgf/basiclayer/pgf.sty
(/usr/share/texlive/texmf-dist/tex/latex/pgf/utilities/pgfrcs.sty
(/usr/share/texlive/texmf-dist/tex/generic/pgf/utilities/pgfutil-common.tex
\pgfutil@everybye=\toks16
\pgfutil@tempdima=\dimen103
\pgfutil@tempdimb=\dimen104

(/usr/share/texlive/texmf-dist/tex/generic/pgf/utilities/pgfutil-common-lists.t
ex)) (/usr/share/texlive/texmf-dist/tex/generic/pgf/utilities/pgfutil-latex.def
\pgfutil@abb=\box27
(/usr/share/texlive/texmf-dist/tex/latex/ms/everyshi.sty
Package: everyshi 2001/05/15 v3.00 EveryShipout Package (MS)
))
(/usr/share/texlive/texmf-dist/tex/generic/pgf/utilities/pgfrcs.code.tex
Package: pgfrcs 2013/12/20 v3.0.0 (rcs-revision 1.28)
))
Package: pgf 2013/12/18 v3.0.0 (rcs-revision 1.14)

(/usr/share/texlive/texmf-dist/tex/latex/pgf/basiclayer/pgfcore.sty
(/usr/share/texlive/texmf-dist/tex/latex/graphics/graphicx.sty
Package: graphicx 1999/02/16 v1.0f Enhanced LaTeX Graphics (DPC,SPQR)

(/usr/share/texlive/texmf-dist/tex/latex/graphics/graphics.sty
Package: graphics 2009/02/05 v1.0o Standard LaTeX Graphics (DPC,SPQR)

(/usr/share/texlive/texmf-dist/tex/latex/graphics/trig.sty
Package: trig 1999/03/16 v1.09 sin cos tan (DPC)
)
(/usr/share/texlive/texmf-dist/tex/latex/latexconfig/graphics.cfg
File: graphics.cfg 2010/04/23 v1.9 graphics configuration of TeX Live
)
Package graphics Info: Driver file: pdftex.def on input line 91.

(/usr/share/texlive/texmf-dist/tex/latex/pdftex-def/pdftex.def
File: pdftex.def 2011/05/27 v0.06d Graphics/color for pdfTeX

(/usr/share/texlive/texmf-dist/tex/generic/oberdiek/infwarerr.sty
Package: infwarerr 2010/04/08 v1.3 Providing info/warning/error messages (HO)
)
(/usr/share/texlive/texmf-dist/tex/generic/oberdiek/ltxcmds.sty
Package: ltxcmds 2011/11/09 v1.22 LaTeX kernel commands for general use (HO)
)
\Gread@gobject=\count90
))
\Gin@req@height=\dimen105
\Gin@req@width=\dimen106
)
(/usr/share/texlive/texmf-dist/tex/latex/pgf/systemlayer/pgfsys.sty
(/usr/share/texlive/texmf-dist/tex/generic/pgf/systemlayer/pgfsys.code.tex
Package: pgfsys 2013/11/30 v3.0.0 (rcs-revision 1.47)

(/usr/share/texlive/texmf-dist/tex/generic/pgf/utilities/pgfkeys.code.tex
\pgfkeys@pathtoks=\toks17
\pgfkeys@temptoks=\toks18

(/usr/share/texlive/texmf-dist/tex/generic/pgf/utilities/pgfkeysfiltered.code.t
ex
\pgfkeys@tmptoks=\toks19
))
\pgf@x=\dimen107
\pgf@y=\dimen108
\pgf@xa=\dimen109
\pgf@ya=\dimen110
\pgf@xb=\dimen111
\pgf@yb=\dimen112
\pgf@xc=\dimen113
\pgf@yc=\dimen114
\w@pgf@writea=\write3
\r@pgf@reada=\read1
\c@pgf@counta=\count91
\c@pgf@countb=\count92
\c@pgf@countc=\count93
\c@pgf@countd=\count94
\t@pgf@toka=\toks20
\t@pgf@tokb=\toks21
\t@pgf@tokc=\toks22
 (/usr/share/texlive/texmf-dist/tex/generic/pgf/systemlayer/pgf.cfg
File: pgf.cfg 2008/05/14  (rcs-revision 1.7)
)
Driver file for pgf: pgfsys-pdftex.def

(/usr/share/texlive/texmf-dist/tex/generic/pgf/systemlayer/pgfsys-pdftex.def
File: pgfsys-pdftex.def 2013/07/18  (rcs-revision 1.33)

(/usr/share/texlive/texmf-dist/tex/generic/pgf/systemlayer/pgfsys-common-pdf.de
f
File: pgfsys-common-pdf.def 2013/10/10  (rcs-revision 1.13)
)))
(/usr/share/texlive/texmf-dist/tex/generic/pgf/systemlayer/pgfsyssoftpath.code.
tex
File: pgfsyssoftpath.code.tex 2013/09/09  (rcs-revision 1.9)
\pgfsyssoftpath@smallbuffer@items=\count95
\pgfsyssoftpath@bigbuffer@items=\count96
)
(/usr/share/texlive/texmf-dist/tex/generic/pgf/systemlayer/pgfsysprotocol.code.
tex
File: pgfsysprotocol.code.tex 2006/10/16  (rcs-revision 1.4)
)) (/usr/share/texlive/texmf-dist/tex/latex/xcolor/xcolor.sty
Package: xcolor 2007/01/21 v2.11 LaTeX color extensions (UK)

(/usr/share/texlive/texmf-dist/tex/latex/latexconfig/color.cfg
File: color.cfg 2007/01/18 v1.5 color configuration of teTeX/TeXLive
)
Package xcolor Info: Driver file: pdftex.def on input line 225.
Package xcolor Info: Model `cmy' substituted by `cmy0' on input line 1337.
Package xcolor Info: Model `hsb' substituted by `rgb' on input line 1341.
Package xcolor Info: Model `RGB' extended on input line 1353.
Package xcolor Info: Model `HTML' substituted by `rgb' on input line 1355.
Package xcolor Info: Model `Hsb' substituted by `hsb' on input line 1356.
Package xcolor Info: Model `tHsb' substituted by `hsb' on input line 1357.
Package xcolor Info: Model `HSB' substituted by `hsb' on input line 1358.
Package xcolor Info: Model `Gray' substituted by `gray' on input line 1359.
Package xcolor Info: Model `wave' substituted by `hsb' on input line 1360.
)
(/usr/share/texlive/texmf-dist/tex/generic/pgf/basiclayer/pgfcore.code.tex
Package: pgfcore 2010/04/11 v3.0.0 (rcs-revision 1.7)

(/usr/share/texlive/texmf-dist/tex/generic/pgf/math/pgfmath.code.tex
(/usr/share/texlive/texmf-dist/tex/generic/pgf/math/pgfmathcalc.code.tex
(/usr/share/texlive/texmf-dist/tex/generic/pgf/math/pgfmathutil.code.tex)
(/usr/share/texlive/texmf-dist/tex/generic/pgf/math/pgfmathparser.code.tex
\pgfmath@dimen=\dimen115
\pgfmath@count=\count97
\pgfmath@box=\box28
\pgfmath@toks=\toks23
\pgfmath@stack@operand=\toks24
\pgfmath@stack@operation=\toks25
)
(/usr/share/texlive/texmf-dist/tex/generic/pgf/math/pgfmathfunctions.code.tex
(/usr/share/texlive/texmf-dist/tex/generic/pgf/math/pgfmathfunctions.basic.code
.tex)
(/usr/share/texlive/texmf-dist/tex/generic/pgf/math/pgfmathfunctions.trigonomet
ric.code.tex)
(/usr/share/texlive/texmf-dist/tex/generic/pgf/math/pgfmathfunctions.random.cod
e.tex)
(/usr/share/texlive/texmf-dist/tex/generic/pgf/math/pgfmathfunctions.comparison
.code.tex)
(/usr/share/texlive/texmf-dist/tex/generic/pgf/math/pgfmathfunctions.base.code.
tex)
(/usr/share/texlive/texmf-dist/tex/generic/pgf/math/pgfmathfunctions.round.code
.tex)
(/usr/share/texlive/texmf-dist/tex/generic/pgf/math/pgfmathfunctions.misc.code.
tex)
(/usr/share/texlive/texmf-dist/tex/generic/pgf/math/pgfmathfunctions.integerari
thmetics.code.tex)))
(/usr/share/texlive/texmf-dist/tex/generic/pgf/math/pgfmathfloat.code.tex
\c@pgfmathroundto@lastzeros=\count98
))
(/usr/share/texlive/texmf-dist/tex/generic/pgf/basiclayer/pgfcorepoints.code.te
x
File: pgfcorepoints.code.tex 2013/10/07  (rcs-revision 1.27)
\pgf@picminx=\dimen116
\pgf@picmaxx=\dimen117
\pgf@picminy=\dimen118
\pgf@picmaxy=\dimen119
\pgf@pathminx=\dimen120
\pgf@pathmaxx=\dimen121
\pgf@pathminy=\dimen122
\pgf@pathmaxy=\dimen123
\pgf@xx=\dimen124
\pgf@xy=\dimen125
\pgf@yx=\dimen126
\pgf@yy=\dimen127
\pgf@zx=\dimen128
\pgf@zy=\dimen129
)
(/usr/share/texlive/texmf-dist/tex/generic/pgf/basiclayer/pgfcorepathconstruct.
code.tex
File: pgfcorepathconstruct.code.tex 2013/10/07  (rcs-revision 1.29)
\pgf@path@lastx=\dimen130
\pgf@path@lasty=\dimen131
)
(/usr/share/texlive/texmf-dist/tex/generic/pgf/basiclayer/pgfcorepathusage.code
.tex
File: pgfcorepathusage.code.tex 2013/12/13  (rcs-revision 1.23)
\pgf@shorten@end@additional=\dimen132
\pgf@shorten@start@additional=\dimen133
)
(/usr/share/texlive/texmf-dist/tex/generic/pgf/basiclayer/pgfcorescopes.code.te
x
File: pgfcorescopes.code.tex 2013/10/09  (rcs-revision 1.44)
\pgfpic=\box29
\pgf@hbox=\box30
\pgf@layerbox@main=\box31
\pgf@picture@serial@count=\count99
)
(/usr/share/texlive/texmf-dist/tex/generic/pgf/basiclayer/pgfcoregraphicstate.c
ode.tex
File: pgfcoregraphicstate.code.tex 2013/09/19  (rcs-revision 1.11)
\pgflinewidth=\dimen134
)
(/usr/share/texlive/texmf-dist/tex/generic/pgf/basiclayer/pgfcoretransformation
s.code.tex
File: pgfcoretransformations.code.tex 2013/10/10  (rcs-revision 1.17)
\pgf@pt@x=\dimen135
\pgf@pt@y=\dimen136
\pgf@pt@temp=\dimen137
)
(/usr/share/texlive/texmf-dist/tex/generic/pgf/basiclayer/pgfcorequick.code.tex
File: pgfcorequick.code.tex 2008/10/09  (rcs-revision 1.3)
)
(/usr/share/texlive/texmf-dist/tex/generic/pgf/basiclayer/pgfcoreobjects.code.t
ex
File: pgfcoreobjects.code.tex 2006/10/11  (rcs-revision 1.2)
)
(/usr/share/texlive/texmf-dist/tex/generic/pgf/basiclayer/pgfcorepathprocessing
.code.tex
File: pgfcorepathprocessing.code.tex 2013/09/09  (rcs-revision 1.9)
)
(/usr/share/texlive/texmf-dist/tex/generic/pgf/basiclayer/pgfcorearrows.code.te
x
File: pgfcorearrows.code.tex 2013/11/07  (rcs-revision 1.40)
\pgfarrowsep=\dimen138
)
(/usr/share/texlive/texmf-dist/tex/generic/pgf/basiclayer/pgfcoreshade.code.tex
File: pgfcoreshade.code.tex 2013/07/15  (rcs-revision 1.15)
\pgf@max=\dimen139
\pgf@sys@shading@range@num=\count100
)
(/usr/share/texlive/texmf-dist/tex/generic/pgf/basiclayer/pgfcoreimage.code.tex
File: pgfcoreimage.code.tex 2013/07/15  (rcs-revision 1.18)

(/usr/share/texlive/texmf-dist/tex/generic/pgf/basiclayer/pgfcoreexternal.code.
tex
File: pgfcoreexternal.code.tex 2013/07/15  (rcs-revision 1.20)
\pgfexternal@startupbox=\box32
))
(/usr/share/texlive/texmf-dist/tex/generic/pgf/basiclayer/pgfcorelayers.code.te
x
File: pgfcorelayers.code.tex 2013/07/18  (rcs-revision 1.7)
)
(/usr/share/texlive/texmf-dist/tex/generic/pgf/basiclayer/pgfcoretransparency.c
ode.tex
File: pgfcoretransparency.code.tex 2013/09/30  (rcs-revision 1.5)
)
(/usr/share/texlive/texmf-dist/tex/generic/pgf/basiclayer/pgfcorepatterns.code.
tex
File: pgfcorepatterns.code.tex 2013/11/07  (rcs-revision 1.5)
)))
(/usr/share/texlive/texmf-dist/tex/generic/pgf/modules/pgfmoduleshapes.code.tex
File: pgfmoduleshapes.code.tex 2013/10/31  (rcs-revision 1.34)
\pgfnodeparttextbox=\box33
) (/usr/share/texlive/texmf-dist/tex/generic/pgf/modules/pgfmoduleplot.code.tex
File: pgfmoduleplot.code.tex 2013/07/31  (rcs-revision 1.12)
)
(/usr/share/texlive/texmf-dist/tex/latex/pgf/compatibility/pgfcomp-version-0-65
.sty
Package: pgfcomp-version-0-65 2007/07/03 v3.0.0 (rcs-revision 1.7)
\pgf@nodesepstart=\dimen140
\pgf@nodesepend=\dimen141
)
(/usr/share/texlive/texmf-dist/tex/latex/pgf/compatibility/pgfcomp-version-1-18
.sty
Package: pgfcomp-version-1-18 2007/07/23 v3.0.0 (rcs-revision 1.1)
)) (/usr/share/texlive/texmf-dist/tex/latex/pgf/utilities/pgffor.sty
(/usr/share/texlive/texmf-dist/tex/latex/pgf/utilities/pgfkeys.sty
(/usr/share/texlive/texmf-dist/tex/generic/pgf/utilities/pgfkeys.code.tex))
(/usr/share/texlive/texmf-dist/tex/latex/pgf/math/pgfmath.sty
(/usr/share/texlive/texmf-dist/tex/generic/pgf/math/pgfmath.code.tex))
(/usr/share/texlive/texmf-dist/tex/generic/pgf/utilities/pgffor.code.tex
Package: pgffor 2013/12/13 v3.0.0 (rcs-revision 1.25)

(/usr/share/texlive/texmf-dist/tex/generic/pgf/math/pgfmath.code.tex)
\pgffor@iter=\dimen142
\pgffor@skip=\dimen143
\pgffor@stack=\toks26
\pgffor@toks=\toks27
))
(/usr/share/texlive/texmf-dist/tex/generic/pgf/frontendlayer/tikz/tikz.code.tex
Package: tikz 2013/12/13 v3.0.0 (rcs-revision 1.142)

(/usr/share/texlive/texmf-dist/tex/generic/pgf/libraries/pgflibraryplothandlers
.code.tex
File: pgflibraryplothandlers.code.tex 2013/08/31 v3.0.0 (rcs-revision 1.20)
\pgf@plot@mark@count=\count101
\pgfplotmarksize=\dimen144
)
\tikz@lastx=\dimen145
\tikz@lasty=\dimen146
\tikz@lastxsaved=\dimen147
\tikz@lastysaved=\dimen148
\tikzleveldistance=\dimen149
\tikzsiblingdistance=\dimen150
\tikz@figbox=\box34
\tikz@figbox@bg=\box35
\tikz@tempbox=\box36
\tikz@tempbox@bg=\box37
\tikztreelevel=\count102
\tikznumberofchildren=\count103
\tikznumberofcurrentchild=\count104
\tikz@fig@count=\count105

(/usr/share/texlive/texmf-dist/tex/generic/pgf/modules/pgfmodulematrix.code.tex
File: pgfmodulematrix.code.tex 2013/09/17  (rcs-revision 1.8)
\pgfmatrixcurrentrow=\count106
\pgfmatrixcurrentcolumn=\count107
\pgf@matrix@numberofcolumns=\count108
)
\tikz@expandcount=\count109

(/usr/share/texlive/texmf-dist/tex/generic/pgf/frontendlayer/tikz/libraries/tik
zlibrarytopaths.code.tex
File: tikzlibrarytopaths.code.tex 2008/06/17 v3.0.0 (rcs-revision 1.2)
)))
(/usr/share/texlive/texmf-dist/tex/generic/pgf/frontendlayer/tikz/libraries/tik
zlibraryarrows.code.tex
File: tikzlibraryarrows.code.tex 2008/01/09 v3.0.0 (rcs-revision 1.1)

(/usr/share/texlive/texmf-dist/tex/generic/pgf/libraries/pgflibraryarrows.code.
tex
File: pgflibraryarrows.code.tex 2013/09/23 v3.0.0 (rcs-revision 1.16)
\arrowsize=\dimen151
))
\c@tkz@gr@a=\count110
\c@tkz@gr@b=\count111
\c@tkz@gr@c=\count112
\c@tkz@gr@e=\count113
\c@tkz@gr@d=\count114
\c@tkz@gr@p=\count115
\c@tkz@gr@i=\count116
\c@tkz@gr@n=\count117
\c@tkz@gr@ta=\count118
\c@tkz@gr@tb=\count119
) (./test.aux)
\openout1 = `test.aux'.

LaTeX Font Info:    Checking defaults for OML/cmm/m/it on input line 12.
LaTeX Font Info:    ... okay on input line 12.
LaTeX Font Info:    Checking defaults for T1/cmr/m/n on input line 12.
LaTeX Font Info:    ... okay on input line 12.
LaTeX Font Info:    Checking defaults for OT1/cmr/m/n on input line 12.
LaTeX Font Info:    ... okay on input line 12.
LaTeX Font Info:    Checking defaults for OMS/cmsy/m/n on input line 12.
LaTeX Font Info:    ... okay on input line 12.
LaTeX Font Info:    Checking defaults for OMX/cmex/m/n on input line 12.
LaTeX Font Info:    ... okay on input line 12.
LaTeX Font Info:    Checking defaults for U/cmr/m/n on input line 12.
LaTeX Font Info:    ... okay on input line 12.
 ABD: EveryShipout initializing macros
(/usr/share/texlive/texmf-dist/tex/context/base/supp-pdf.mkii
[Loading MPS to PDF converter (version 2006.09.02).]
\scratchcounter=\count120
\scratchdimen=\dimen152
\scratchbox=\box38
\nofMPsegments=\count121
\nofMParguments=\count122
\everyMPshowfont=\toks28
\MPscratchCnt=\count123
\MPscratchDim=\dimen153
\MPnumerator=\count124
\makeMPintoPDFobject=\count125
\everyMPtoPDFconversion=\toks29
) (/usr/share/texlive/texmf-dist/tex/generic/oberdiek/pdftexcmds.sty
Package: pdftexcmds 2011/11/29 v0.20 Utility functions of pdfTeX for LuaTeX (HO
)
Package pdftexcmds Info: LuaTeX not detected.
Package pdftexcmds Info: \pdf@primitive is available.
Package pdftexcmds Info: \pdf@ifprimitive is available.
Package pdftexcmds Info: \pdfdraftmode found.
)
(/usr/share/texlive/texmf-dist/tex/latex/oberdiek/epstopdf-base.sty
Package: epstopdf-base 2010/02/09 v2.5 Base part for package epstopdf

(/usr/share/texlive/texmf-dist/tex/latex/oberdiek/grfext.sty
Package: grfext 2010/08/19 v1.1 Manage graphics extensions (HO)

(/usr/share/texlive/texmf-dist/tex/generic/oberdiek/kvdefinekeys.sty
Package: kvdefinekeys 2011/04/07 v1.3 Define keys (HO)
))
(/usr/share/texlive/texmf-dist/tex/latex/oberdiek/kvoptions.sty
Package: kvoptions 2011/06/30 v3.11 Key value format for package options (HO)

(/usr/share/texlive/texmf-dist/tex/generic/oberdiek/kvsetkeys.sty
Package: kvsetkeys 2012/04/25 v1.16 Key value parser (HO)

(/usr/share/texlive/texmf-dist/tex/generic/oberdiek/etexcmds.sty
Package: etexcmds 2011/02/16 v1.5 Avoid name clashes with e-TeX commands (HO)
Package etexcmds Info: Could not find \expanded.
(etexcmds)             That can mean that you are not using pdfTeX 1.50 or
(etexcmds)             that some package has redefined \expanded.
(etexcmds)             In the latter case, load this package earlier.
)))
Package grfext Info: Graphics extension search list:
(grfext)             [.png,.pdf,.jpg,.mps,.jpeg,.jbig2,.jb2,.PNG,.PDF,.JPG,.JPE
G,.JBIG2,.JB2,.eps]
(grfext)             \AppendGraphicsExtensions on input line 452.

(/usr/share/texlive/texmf-dist/tex/latex/latexconfig/epstopdf-sys.cfg
File: epstopdf-sys.cfg 2010/07/13 v1.3 Configuration of (r)epstopdf for TeX Liv
e
))
! Dimension too large.
<recently read> \pgf@xa 
                        
l.22 \Edge[label=0.025](A)(I)
                             
? r
OK, entering \nonstopmode...
! Dimension too large.
<recently read> \pgf@xa 
                        
l.23 \Edge[label=0.012](A)(K)
                             
I can't work with sizes bigger than about 19 feet.
Continue and I'll use the largest value I can.

! Dimension too large.
<recently read> \pgf@xa 
                        
l.24 \Edge[label=0.14](A)(L)
                            
I can't work with sizes bigger than about 19 feet.
Continue and I'll use the largest value I can.

! Dimension too large.
<recently read> \pgf@xa 
                        
l.25 \Edge[label=0.042](A)(M)
                             
I can't work with sizes bigger than about 19 feet.
Continue and I'll use the largest value I can.

! Dimension too large.
<recently read> \pgf@xa 
                        
l.32 \Edge[label=0.013](A)(V)
                             
I can't work with sizes bigger than about 19 feet.
Continue and I'll use the largest value I can.

! Dimension too large.
<recently read> \pgf@xa 
                        
l.33 \Edge[label=0.011](A)(Y)
                             
I can't work with sizes bigger than about 19 feet.
Continue and I'll use the largest value I can.

! Dimension too large.
<recently read> \pgf@xa 
                        
l.38 \Edge[label=0.18](B)(L)
                            
I can't work with sizes bigger than about 19 feet.
Continue and I'll use the largest value I can.

! Dimension too large.
<recently read> \pgf@xa 
                        
l.43 \Edge[label=0.011](B)(Y)
                             
I can't work with sizes bigger than about 19 feet.
Continue and I'll use the largest value I can.

! Dimension too large.
<recently read> \pgf@xa 
                        
l.49 \Edge[label=0.05](C)(K)
                            
I can't work with sizes bigger than about 19 feet.
Continue and I'll use the largest value I can.

! Dimension too large.
<recently read> \pgf@xa 
                        
l.50 \Edge[label=0.037](C)(L)
                             
I can't work with sizes bigger than about 19 feet.
Continue and I'll use the largest value I can.

! Dimension too large.
<recently read> \pgf@xa 
                        
l.55 \Edge[label=0.025](C)(Y)
                             
I can't work with sizes bigger than about 19 feet.
Continue and I'll use the largest value I can.

! Dimension too large.
<recently read> \pgf@xa 
                        
l.61 \Edge[label=0.035](D)(L)
                             
I can't work with sizes bigger than about 19 feet.
Continue and I'll use the largest value I can.

! Dimension too large.
<recently read> \pgf@xa 
                        
l.67 \Edge[label=0.022](D)(Y)
                             
I can't work with sizes bigger than about 19 feet.
Continue and I'll use the largest value I can.

! Dimension too large.
<recently read> \pgf@xa 
                        
l.77 \Edge[label=0.039](E)(M)
                             
I can't work with sizes bigger than about 19 feet.
Continue and I'll use the largest value I can.

! Dimension too large.
<recently read> \pgf@xa 
                        
l.122 \Edge[label=0.068](I)(A)
                              
I can't work with sizes bigger than about 19 feet.
Continue and I'll use the largest value I can.

! Dimension too large.
<recently read> \pgf@xa 
                        
l.131 \Edge[label=0.2](I)(N)
                            
I can't work with sizes bigger than about 19 feet.
Continue and I'll use the largest value I can.

! Dimension too large.
<recently read> \pgf@xa 
                        
l.139 \Edge[label=0.27](J)(A)
                             
I can't work with sizes bigger than about 19 feet.
Continue and I'll use the largest value I can.

! Dimension too large.
<recently read> \pgf@xa 
                        
l.142 \Edge[label=0.2](J)(O)
                            
I can't work with sizes bigger than about 19 feet.
Continue and I'll use the largest value I can.

! Dimension too large.
<recently read> \pgf@xa 
                        
l.144 \Edge[label=0.12](K)(A)
                             
I can't work with sizes bigger than about 19 feet.
Continue and I'll use the largest value I can.

! Dimension too large.
<recently read> \pgf@xa 
                        
l.150 \Edge[label=0.03](K)(N)
                             
I can't work with sizes bigger than about 19 feet.
Continue and I'll use the largest value I can.

! Dimension too large.
<recently read> \pgf@xa 
                        
l.151 \Edge[label=0.058](K)(O)
                              
I can't work with sizes bigger than about 19 feet.
Continue and I'll use the largest value I can.

! Dimension too large.
<recently read> \pgf@xa 
                        
l.158 \Edge[label=0.14](L)(A)
                             
I can't work with sizes bigger than about 19 feet.
Continue and I'll use the largest value I can.

! Dimension too large.
<recently read> \pgf@xa 
                        
l.159 \Edge[label=0.016](L)(D)
                              
I can't work with sizes bigger than about 19 feet.
Continue and I'll use the largest value I can.

! Dimension too large.
<recently read> \pgf@xa 
                        
l.163 \Edge[label=0.1](L)(O)
                            
I can't work with sizes bigger than about 19 feet.
Continue and I'll use the largest value I can.

! Dimension too large.
<recently read> \pgf@xa 
                        
l.168 \Edge[label=0.22](M)(A)
                             
I can't work with sizes bigger than about 19 feet.
Continue and I'll use the largest value I can.

! Dimension too large.
<recently read> \pgf@xa 
                        
l.169 \Edge[label=0.045](M)(B)
                              
I can't work with sizes bigger than about 19 feet.
Continue and I'll use the largest value I can.

! Dimension too large.
<recently read> \pgf@xa 
                        
l.170 \Edge[label=0.19](M)(E)
                             
I can't work with sizes bigger than about 19 feet.
Continue and I'll use the largest value I can.

! Dimension too large.
<recently read> \pgf@xa 
                        
l.173 \Edge[label=0.01](M)(N)
                             
I can't work with sizes bigger than about 19 feet.
Continue and I'll use the largest value I can.

! Dimension too large.
<recently read> \pgf@xa 
                        
l.174 \Edge[label=0.13](M)(O)
                             
I can't work with sizes bigger than about 19 feet.
Continue and I'll use the largest value I can.

! Dimension too large.
<recently read> \pgf@xa 
                        
l.175 \Edge[label=0.069](M)(P)
                              
I can't work with sizes bigger than about 19 feet.
Continue and I'll use the largest value I can.

! Dimension too large.
<recently read> \pgf@xa 
                        
l.185 \Edge[label=0.099](N)(I)
                              
I can't work with sizes bigger than about 19 feet.
Continue and I'll use the largest value I can.

! Dimension too large.
<recently read> \pgf@xa 
                        
l.186 \Edge[label=0.01](N)(K)
                             
I can't work with sizes bigger than about 19 feet.
Continue and I'll use the largest value I can.

! Dimension too large.
<recently read> \pgf@xa 
                        
l.200 \Edge[label=0.074](O)(L)
                              
I can't work with sizes bigger than about 19 feet.
Continue and I'll use the largest value I can.

! Dimension too large.
<recently read> \pgf@xa 
                        
l.201 \Edge[label=0.067](O)(M)
                              
I can't work with sizes bigger than about 19 feet.
Continue and I'll use the largest value I can.

! Dimension too large.
<recently read> \pgf@xa 
                        
l.210 \Edge[label=0.019](O)(W)
                              
I can't work with sizes bigger than about 19 feet.
Continue and I'll use the largest value I can.

! Dimension too large.
<recently read> \pgf@xa 
                        
l.215 \Edge[label=0.065](P)(L)
                              
I can't work with sizes bigger than about 19 feet.
Continue and I'll use the largest value I can.

! Dimension too large.
<recently read> \pgf@xa 
                        
l.222 \Edge[label=0.016](P)(Y)
                              
I can't work with sizes bigger than about 19 feet.
Continue and I'll use the largest value I can.

! Dimension too large.
<recently read> \pgf@xa 
                        
l.232 \Edge[label=0.029](R)(M)
                              
I can't work with sizes bigger than about 19 feet.
Continue and I'll use the largest value I can.

! Dimension too large.
<recently read> \pgf@xa 
                        
l.281 \Edge[label=0.15](V)(A)
                             
I can't work with sizes bigger than about 19 feet.
Continue and I'll use the largest value I can.

! Dimension too large.
<recently read> \pgf@xa 
                        
l.286 \Edge[label=0.23](W)(A)
                             
I can't work with sizes bigger than about 19 feet.
Continue and I'll use the largest value I can.

! Dimension too large.
<recently read> \pgf@xa 
                        
l.287 \Edge[label=0.011](W)(B)
                              
I can't work with sizes bigger than about 19 feet.
Continue and I'll use the largest value I can.

! Dimension too large.
<recently read> \pgf@xa 
                        
l.293 \Edge[label=0.052](W)(N)
                              
I can't work with sizes bigger than about 19 feet.
Continue and I'll use the largest value I can.

! Dimension too large.
<recently read> \pgf@xa 
                        
l.294 \Edge[label=0.15](W)(O)
                             
I can't work with sizes bigger than about 19 feet.
Continue and I'll use the largest value I can.

! Dimension too large.
<recently read> \pgf@xa 
                        
l.298 \Edge[label=0.11](X)(A)
                             
I can't work with sizes bigger than about 19 feet.
Continue and I'll use the largest value I can.

! Dimension too large.
<recently read> \pgf@xa 
                        
l.299 \Edge[label=0.063](X)(C)
                              
I can't work with sizes bigger than about 19 feet.
Continue and I'll use the largest value I can.

! Dimension too large.
<recently read> \pgf@xa 
                        
l.303 \Edge[label=0.079](X)(O)
                              
I can't work with sizes bigger than about 19 feet.
Continue and I'll use the largest value I can.

! Dimension too large.
<recently read> \pgf@xa 
                        
l.304 \Edge[label=0.098](X)(P)
                              
I can't work with sizes bigger than about 19 feet.
Continue and I'll use the largest value I can.

! Dimension too large.
<recently read> \pgf@xa 
                        
l.309 \Edge[label=0.069](Y)(A)
                              
I can't work with sizes bigger than about 19 feet.
Continue and I'll use the largest value I can.

! Dimension too large.
<recently read> \pgf@xa 
                        
l.310 \Edge[label=0.015](Y)(B)
                              
I can't work with sizes bigger than about 19 feet.
Continue and I'll use the largest value I can.

! Dimension too large.
<recently read> \pgf@xa 
                        
l.311 \Edge[label=0.064](Y)(C)
                              
I can't work with sizes bigger than about 19 feet.
Continue and I'll use the largest value I can.

! Dimension too large.
<recently read> \pgf@xa 
                        
l.312 \Edge[label=0.043](Y)(D)
                              
I can't work with sizes bigger than about 19 feet.
Continue and I'll use the largest value I can.

! Dimension too large.
<recently read> \pgf@xa 
                        
l.318 \Edge[label=0.076](Y)(N)
                              
I can't work with sizes bigger than about 19 feet.
Continue and I'll use the largest value I can.

! Dimension too large.
<recently read> \pgf@xa 
                        
l.319 \Edge[label=0.05](Y)(O)
                             
I can't work with sizes bigger than about 19 feet.
Continue and I'll use the largest value I can.

! Dimension too large.
<recently read> \pgf@xa 
                        
l.320 \Edge[label=0.1](Y)(P)
                            
I can't work with sizes bigger than about 19 feet.
Continue and I'll use the largest value I can.

! Dimension too large.
<recently read> \pgf@xa 
                        
l.324 \Edge[label=0.18](Z)(A)
                             
I can't work with sizes bigger than about 19 feet.
Continue and I'll use the largest value I can.

! Dimension too large.
<recently read> \pgf@xa 
                        
l.325 \Edge[label=0.41](Z)(E)
                             
I can't work with sizes bigger than about 19 feet.
Continue and I'll use the largest value I can.

! Dimension too large.
<recently read> \pgf@xa 
                        
l.328 \Edge[label=0.12](Z)(O)
                             
I can't work with sizes bigger than about 19 feet.
Continue and I'll use the largest value I can.

[1

{/usr/share/texlive/texmf-dist/fonts/map/pdftex/updmap/pdftex.map}]
(./test.aux) ) 
Here is how much of TeX's memory you used:
 12977 strings out of 495025
 262980 string characters out of 6181514
 820823 words of memory out of 5000000
 15971 multiletter control sequences out of 15000+600000
 4257 words of font info for 16 fonts, out of 8000000 for 9000
 14 hyphenation exceptions out of 8191
 62i,9n,72p,435b,1035s stack positions out of 5000i,500n,10000p,200000b,80000s
</usr/share/texlive/texmf-dist/fonts/type1/public/amsfonts/cm/cmb
x10.pfb></usr/share/texlive/texmf-dist/fonts/type1/public/amsfonts/cm/cmbx5.pfb
>
Output written on test.pdf (1 page, 70194 bytes).
PDF statistics:
 21 PDF objects out of 1000 (max. 8388607)
 14 compressed objects within 1 object stream
 0 named destinations out of 1000 (max. 500000)
 19 words of extra memory for PDF output out of 10000 (max. 10000000)

